00/Audio/00_defi/00_Audio_00defi_0-aligned-converted
00/Audio/01_blague/00_Audio_01blague_0-aligned-converted
00/Audio/02_cuisine/00_Audio_02cuisine_0-aligned-converted
00/Audio/03_woz/00_Audio_03woz_0-aligned-converted
01/Audio/00_defi/01_Audio_00defi_0-aligned-converted
01/Audio/01_blague/01_Audio_01blague_0-aligned-converted
01/Audio/02_cuisine/01_Audio_02cuisine_0-aligned-converted
01/Audio/03_woz/01_Audio_03woz_0-aligned-converted
02/Audio/00_defi/02_Audio_00defi_0-aligned-converted
02/Audio/01_blague/02_Audio_01blague_0-aligned-converted
02/Audio/02_cuisine/02_Audio_02cuisine_0-aligned-converted
02/Audio/03_woz/02_Audio_03woz_0-aligned-converted
03/Audio/00_defi/03_Audio_00defi_0-aligned-converted
03/Audio/01_blague/03_Audio_01blague_0-aligned-converted
03/Audio/02_cuisine/03_Audio_02cuisine_0-aligned-converted
03/Audio/03_woz/03_Audio_03woz_0-aligned-converted
04/Audio/00_defi/04_Audio_00defi_0-aligned-converted
04/Audio/01_blague/04_Audio_01blague_0-aligned-converted
04/Audio/02_cuisine/04_Audio_02cuisine_0-aligned-converted
04/Audio/03_woz/04_Audio_03woz_0-aligned-converted
05/Audio/00_defi/05_Audio_00defi_0-aligned-converted
05/Audio/01_blague/05_Audio_01blague_0-aligned-converted
05/Audio/02_cuisine/05_Audio_02cuisine_0-aligned-converted
05/Audio/03_woz/05_Audio_03woz_0-aligned-converted
06/Audio/00_defi/06_Audio_00defi_0-aligned-converted
06/Audio/01_blague/06_Audio_01blague_0-aligned-converted
06/Audio/02_cuisine/06_Audio_02cuisine_0-aligned-converted
06/Audio/03_woz/06_Audio_03woz_0-aligned-converted
07/Audio/00_defi/07_Audio_00defi_0-aligned-converted
07/Audio/01_blague/07_Audio_01blague_0-aligned-converted
07/Audio/02_cuisine/07_Audio_02cuisine_0-aligned-converted
07/Audio/03_woz/07_Audio_03woz_0-aligned-converted
08/Audio/00_defi/08_Audio_00defi_0-aligned-converted
08/Audio/01_blague/08_Audio_01blague_0-aligned-converted
08/Audio/02_cuisine/08_Audio_02cuisine_0-aligned-converted
08/Audio/03_woz/08_Audio_03woz_0-aligned-converted
09/Audio/00_defi/09_Audio_00defi_0-aligned-converted
09/Audio/01_blague/09_Audio_01blague_0-aligned-converted
09/Audio/02_cuisine/09_Audio_02cuisine_0-aligned-converted
09/Audio/03_woz/09_Audio_03woz_0-aligned-converted
10/Audio/00_defi/10_Audio_00defi_1-aligned-converted
10/Audio/01_blague/10_Audio_01blague_1-aligned-converted
10/Audio/02_cuisine/10_Audio_02cuisine_1-aligned-converted
10/Audio/03_woz/10_Audio_03woz_1-aligned-converted
11/Audio/00_defi/11_Audio_00defi_0-aligned-converted
11/Audio/01_blague/11_Audio_01blague_0-aligned-converted
11/Audio/02_cuisine/11_Audio_02cuisine_0-aligned-converted
11/Audio/03_woz/11_Audio_03woz_0-aligned-converted
12/Audio/00_defi/12_Audio_00defi_0-aligned-converted
12/Audio/01_blague/12_Audio_01blague_0-aligned-converted
12/Audio/02_cuisine/12_Audio_02cuisine_0-aligned-converted
12/Audio/03_woz/12_Audio_03woz_0-aligned-converted
13/Audio/00_defi/13_Audio_00defi_0-aligned-converted
13/Audio/01_blague/13_Audio_01blague_0-aligned-converted
13/Audio/02_cuisine/13_Audio_02cuisine_0-aligned-converted
13/Audio/03_woz/13_Audio_03woz_0-aligned-converted
14/Audio/00_defi/14_Audio_00defi_0-aligned-converted
14/Audio/01_blague/14_Audio_01blague_0-aligned-converted
14/Audio/02_cuisine/14_Audio_02cuisine_0-aligned-converted
14/Audio/03_woz/14_Audio_03woz_0-aligned-converted
15/Audio/00_defi/15_Audio_00defi_0-aligned-converted
15/Audio/01_blague/15_Audio_01blague_0-aligned-converted
15/Audio/02_cuisine/15_Audio_02cuisine_0-aligned-converted
15/Audio/03_woz/15_Audio_03woz_0-aligned-converted
16/Audio/00_defi/16_Audio_00defi_0-aligned-converted
16/Audio/01_blague/16_Audio_01blague_0-aligned-converted
16/Audio/02_cuisine/16_Audio_02cuisine_0-aligned-converted
16/Audio/03_woz/16_Audio_03woz_0-aligned-converted
17/Audio/00_defi/17_Audio_00defi_0-aligned-converted
17/Audio/01_blague/17_Audio_01blague_0-aligned-converted
17/Audio/02_cuisine/17_Audio_02cuisine_0-aligned-converted
17/Audio/03_woz/17_Audio_03woz_0-aligned-converted
18/Audio/00_defi/18_Audio_00defi_0-aligned-converted
18/Audio/01_blague/18_Audio_01blague_0-aligned-converted
18/Audio/02_cuisine/18_Audio_02cuisine_0-aligned-converted
18/Audio/03_woz/18_Audio_03woz_0-aligned-converted
19/Audio/00_defi/19_Audio_00defi_0-aligned-converted
19/Audio/01_blague/19_Audio_01blague_0-aligned-converted
19/Audio/02_cuisine/19_Audio_02cuisine_0-aligned-converted
19/Audio/03_woz/19_Audio_03woz_0-aligned-converted
20/Audio/00_defi/20_Audio_00defi_0-aligned-converted
20/Audio/01_blague/20_Audio_01blague_0-aligned-converted
20/Audio/02_cuisine/20_Audio_02cuisine_0-aligned-converted
20/Audio/03_woz/20_Audio_03woz_0-aligned-converted
21/Audio/00_defi/21_Audio_00defi_0-aligned-converted
21/Audio/01_blague/21_Audio_01blague_0-aligned-converted
21/Audio/02_cuisine/21_Audio_02cuisine_0-aligned-converted
21/Audio/03_woz/21_Audio_03woz_0-aligned-converted
22/Audio/00_defi/22_Audio_00defi_0-aligned-converted
22/Audio/01_blague/22_Audio_01blague_0-aligned-converted
22/Audio/02_cuisine/22_Audio_02cuisine_0-aligned-converted
22/Audio/03_woz/22_Audio_03woz_0-aligned-converted
23/Audio/00_defi/23_Audio_00defi_0-aligned-converted
23/Audio/01_blague/23_Audio_01blague_0-aligned-converted
23/Audio/02_cuisine/23_Audio_02cuisine_0-aligned-converted
23/Audio/03_woz/23_Audio_03woz_0-aligned-converted
24/Audio/00_defi/24_Audio_00defi_0-aligned-converted
24/Audio/01_blague/24_Audio_01blague_0-aligned-converted
24/Audio/02_cuisine/24_Audio_02cuisine_0-aligned-converted
24/Audio/03_woz/24_Audio_03woz_0-aligned-converted
25/Audio/00_defi/25_Audio_00defi_0-aligned-converted
25/Audio/01_blague/25_Audio_01blague_0-aligned-converted
25/Audio/02_cuisine/25_Audio_02cuisine_0-aligned-converted
25/Audio/03_woz/25_Audio_03woz_0-aligned-converted
26/Audio/00_defi/26_Audio_00defi_0-aligned-converted
26/Audio/01_blague/26_Audio_01blague_0-aligned-converted
26/Audio/02_cuisine/26_Audio_02cuisine_0-aligned-converted
26/Audio/03_woz/26_Audio_03woz_0-aligned-converted
27/Audio/00_defi/27_Audio_00defi_0-aligned-converted
27/Audio/01_blague/27_Audio_01blague_0-aligned-converted
27/Audio/02_cuisine/27_Audio_02cuisine_0-aligned-converted
27/Audio/03_woz/27_Audio_03woz_0-aligned-converted
28/Audio/00_defi/28_Audio_00defi_0-aligned-converted
28/Audio/01_blague/28_Audio_01blague_0-aligned-converted
28/Audio/02_cuisine/28_Audio_02cuisine_0-aligned-converted
28/Audio/03_woz/28_Audio_03woz_0-aligned-converted
29/Audio/00_defi/29_Audio_00defi_0-aligned-converted
29/Audio/01_blague/29_Audio_01blague_0-aligned-converted
29/Audio/02_cuisine/29_Audio_02cuisine_0-aligned-converted
29/Audio/03_woz/29_Audio_03woz_0-aligned-converted
30/Audio/00_defi/30_Audio_00defi_0-aligned-converted
30/Audio/01_blague/30_Audio_01blague_0-aligned-converted
30/Audio/02_cuisine/30_Audio_02cuisine_0-aligned-converted
30/Audio/03_woz/30_Audio_03woz_0-aligned-converted
31/Audio/00_defi/31_Audio_00defi_0-aligned-converted
31/Audio/01_blague/31_Audio_01blague_0-aligned-converted
31/Audio/02_cuisine/31_Audio_02cuisine_0-aligned-converted
31/Audio/03_woz/31_Audio_03woz_0-aligned-converted
32/Audio/00_defi/32_Audio_00defi_0-aligned-converted
32/Audio/01_blague/32_Audio_01blague_0-aligned-converted
32/Audio/02_cuisine/32_Audio_02cuisine_0-aligned-converted
32/Audio/03_woz/32_Audio_03woz_0-aligned-converted
33/Audio/00_defi/33_Audio_00defi_0-aligned-converted
33/Audio/01_blague/33_Audio_01blague_0-aligned-converted
33/Audio/02_cuisine/33_Audio_02cuisine_0-aligned-converted
33/Audio/03_woz/33_Audio_03woz_0-aligned-converted
34/Audio/00_defi/34_Audio_00defi_0-aligned-converted
34/Audio/01_blague/34_Audio_01blague_0-aligned-converted
34/Audio/02_cuisine/34_Audio_02cuisine_0-aligned-converted
34/Audio/03_woz/34_Audio_03woz_0-aligned-converted
35/Audio/00_defi/35_Audio_00defi_0-aligned-converted
35/Audio/01_blague/35_Audio_01blague_0-aligned-converted
35/Audio/02_cuisine/35_Audio_02cuisine_0-aligned-converted
35/Audio/03_woz/35_Audio_03woz_0-aligned-converted
36/Audio/00_defi/36_Audio_00defi_0-aligned-converted
36/Audio/01_blague/36_Audio_01blague_0-aligned-converted
36/Audio/02_cuisine/36_Audio_02cuisine_0-aligned-converted
36/Audio/03_woz/36_Audio_03woz_0-aligned-converted
