00/Video/front/00_defi/00_Video_front_00defi_0
00/Video/front/01_blague/00_Video_front_01blague_0
00/Video/front/02_cuisine/00_Video_front_02cuisine_0
00/Video/front/03_woz/00_Video_front_03woz_0
01/Video/front/00_defi/01_Video_front_00defi_0
01/Video/front/01_blague/01_Video_front_01blague_0
01/Video/front/02_cuisine/01_Video_front_02cuisine_0
01/Video/front/03_woz/01_Video_front_03woz_0
02/Video/front/00_defi/02_Video_front_00defi_0
02/Video/front/01_blague/02_Video_front_01blague_0
02/Video/front/02_cuisine/02_Video_front_02cuisine_0
02/Video/front/03_woz/02_Video_front_03woz_0
03/Video/front/00_defi/03_Video_front_00defi_0
03/Video/front/01_blague/03_Video_front_01blague_0
03/Video/front/01_blague/03_Video_front_01blague_1
03/Video/front/02_cuisine/03_Video_front_02cuisine_0
03/Video/front/03_woz/03_Video_front_03woz_0
04/Video/front/00_defi/04_Video_front_00defi_0
04/Video/front/01_blague/04_Video_front_01blague_0
04/Video/front/02_cuisine/04_Video_front_02cuisine_0
04/Video/front/02_cuisine/04_Video_front_02cuisine_1
04/Video/front/03_woz/04_Video_front_03woz_0
05/Video/front/00_defi/05_Video_front_00defi_0
05/Video/front/01_blague/05_Video_front_01blague_0
05/Video/front/02_cuisine/05_Video_front_02cuisine_0
05/Video/front/03_woz/05_Video_front_03woz_0
06/Video/front/00_defi/06_Video_front_00defi_0
06/Video/front/01_blague/06_Video_front_01blague_0
06/Video/front/02_cuisine/06_Video_front_02cuisine_0
06/Video/front/03_woz/06_Video_front_03woz_0
07/Video/front/00_defi/07_Video_front_00defi_0
07/Video/front/01_blague/07_Video_front_01blague_0
07/Video/front/02_cuisine/07_Video_front_02cuisine_0
07/Video/front/03_woz/07_Video_front_03woz_0
08/Video/front/00_defi/08_Video_front_00defi_0
08/Video/front/01_blague/08_Video_front_01blague_0
08/Video/front/02_cuisine/08_Video_front_02cuisine_0
08/Video/front/03_woz/08_Video_front_03woz_0
09/Video/front/00_defi/09_Video_front_00defi_0
09/Video/front/01_blague/09_Video_front_01blague_0
09/Video/front/02_cuisine/09_Video_front_02cuisine_0
09/Video/front/03_woz/09_Video_front_03woz_0
10/Video/front/00_defi/10_Video_front_00defi_0
10/Video/front/01_blague/10_Video_front_01blague_0
10/Video/front/02_cuisine/10_Video_front_02cuisine_0
10/Video/front/03_woz/10_Video_front_03woz_0
11/Video/front/00_defi/11_Video_front_00defi_0
11/Video/front/02_cuisine/11_Video_front_02cuisine_0
11/Video/front/03_woz/11_Video_front_03woz_0
12/Video/front/00_defi/12_Video_front_00defi_0
12/Video/front/01_blague/12_Video_front_01blague_0
12/Video/front/02_cuisine/12_Video_front_02cuisine_0
12/Video/front/03_woz/12_Video_front_03woz_0
13/Video/front/00_defi/13_Video_front_00defi_0
13/Video/front/01_blague/13_Video_front_01blague_0
13/Video/front/02_cuisine/13_Video_front_02cuisine_0
13/Video/front/03_woz/13_Video_front_03woz_0
14/Video/front/00_defi/14_Video_front_00defi_0
14/Video/front/01_blague/14_Video_front_01blague_0
14/Video/front/02_cuisine/14_Video_front_02cuisine_0
14/Video/front/03_woz/14_Video_front_03woz_0
15/Video/front/00_defi/15_Video_front_00defi_0
15/Video/front/01_blague/15_Video_front_01blague_0
15/Video/front/02_cuisine/15_Video_front_02cuisine_0
15/Video/front/03_woz/15_Video_front_03woz_0
16/Video/front/00_defi/16_Video_front_00defi_0
16/Video/front/01_blague/16_Video_front_01blague_0
16/Video/front/02_cuisine/16_Video_front_02cuisine_0
16/Video/front/03_woz/16_Video_front_03woz_0
17/Video/front/00_defi/17_Video_front_00defi_0
17/Video/front/01_blague/17_Video_front_01blague_0
17/Video/front/02_cuisine/17_Video_front_02cuisine_0
17/Video/front/03_woz/17_Video_front_03woz_0
18/Video/front/00_defi/18_Video_front_00defi_0
18/Video/front/01_blague/18_Video_front_01blague_0
18/Video/front/02_cuisine/18_Video_front_02cuisine_0
18/Video/front/03_woz/18_Video_front_03woz_0
19/Video/front/00_defi/19_Video_front_00defi_0
19/Video/front/01_blague/19_Video_front_01blague_0
19/Video/front/02_cuisine/19_Video_front_02cuisine_0
19/Video/front/03_woz/19_Video_front_03woz_0
20/Video/front/00_defi/20_Video_front_00defi_0
20/Video/front/01_blague/20_Video_front_01blague_0
20/Video/front/02_cuisine/20_Video_front_02cuisine_0
20/Video/front/03_woz/20_Video_front_03woz_0
21/Video/front/00_defi/21_Video_front_00defi_0
21/Video/front/01_blague/21_Video_front_01blague_0
21/Video/front/02_cuisine/21_Video_front_02cuisine_0
21/Video/front/03_woz/21_Video_front_03woz_0
22/Video/front/00_defi/22_Video_front_00defi_0
22/Video/front/01_blague/22_Video_front_01blague_0
22/Video/front/02_cuisine/22_Video_front_02cuisine_0
22/Video/front/03_woz/22_Video_front_03woz_0
23/Video/front/00_defi/23_Video_front_00defi_0
23/Video/front/01_blague/23_Video_front_01blague_0
23/Video/front/02_cuisine/23_Video_front_02cuisine_0
23/Video/front/03_woz/23_Video_front_03woz_0
24/Video/front/00_defi/24_Video_front_00defi_0
24/Video/front/01_blague/24_Video_front_01blague_0
24/Video/front/02_cuisine/24_Video_front_02cuisine_0
24/Video/front/03_woz/24_Video_front_03woz_0
25/Video/front/00_defi/25_Video_front_00defi_0
25/Video/front/01_blague/25_Video_front_01blague_0
25/Video/front/02_cuisine/25_Video_front_02cuisine_0
25/Video/front/03_woz/25_Video_front_03woz_0
26/Video/front/00_defi/26_Video_front_00defi_0
26/Video/front/01_blague/26_Video_front_01blague_0
26/Video/front/02_cuisine/26_Video_front_02cuisine_0
26/Video/front/03_woz/26_Video_front_03woz_0
27/Video/front/00_defi/27_Video_front_00defi_0
27/Video/front/02_cuisine/27_Video_front_02cuisine_0
27/Video/front/03_woz/27_Video_front_03woz_0
28/Video/front/00_defi/28_Video_front_00defi_0
28/Video/front/01_blague/28_Video_front_01blague_0
28/Video/front/02_cuisine/28_Video_front_02cuisine_0
28/Video/front/03_woz/28_Video_front_03woz_0
29/Video/front/00_defi/29_Video_front_00defi_0
29/Video/front/01_blague/29_Video_front_01blague_0
29/Video/front/02_cuisine/29_Video_front_02cuisine_0
29/Video/front/03_woz/29_Video_front_03woz_0
30/Video/front/00_defi/30_Video_front_00defi_0
30/Video/front/01_blague/30_Video_front_01blague_0
30/Video/front/02_cuisine/30_Video_front_02cuisine_0
30/Video/front/03_woz/30_Video_front_03woz_0
31/Video/front/00_defi/31_Video_front_00defi_0
31/Video/front/01_blague/31_Video_front_01blague_0
31/Video/front/02_cuisine/31_Video_front_02cuisine_0
31/Video/front/03_woz/31_Video_front_03woz_0
32/Video/front/00_defi/32_Video_front_00defi_0
32/Video/front/01_blague/32_Video_front_01blague_0
32/Video/front/02_cuisine/32_Video_front_02cuisine_0
32/Video/front/03_woz/32_Video_front_03woz_0
33/Video/front/00_defi/33_Video_front_00defi_0
33/Video/front/01_blague/33_Video_front_01blague_0
33/Video/front/02_cuisine/33_Video_front_02cuisine_0
33/Video/front/03_woz/33_Video_front_03woz_0
34/Video/front/00_defi/34_Video_front_00defi_0
34/Video/front/01_blague/34_Video_front_01blague_0
34/Video/front/02_cuisine/34_Video_front_02cuisine_0
34/Video/front/03_woz/34_Video_front_03woz_0
35/Video/front/00_defi/35_Video_front_00defi_0
35/Video/front/01_blague/35_Video_front_01blague_0
35/Video/front/02_cuisine/35_Video_front_02cuisine_0
35/Video/front/03_woz/35_Video_front_03woz_0
36/Video/front/00_defi/36_Video_front_00defi_0
36/Video/front/01_blague/36_Video_front_01blague_0
36/Video/front/02_cuisine/36_Video_front_02cuisine_0
36/Video/front/03_woz/36_Video_front_03woz_0
